2015-10-10 17:28:24,554 [Worker-1] INFO  o.e.m.c.i.i.nexus.NexusIndexManager - Updating index for repository: public-repo|http://localhost:8081/nexus/content/groups/public
2015-10-10 17:28:24,792 [Worker-1] INFO  c.n.h.c.p.n.NettyAsyncHttpProvider - Number of application's worked threads is 4
2015-10-10 17:28:25,166 [Worker-1] ERROR o.e.m.c.i.i.nexus.NexusIndexManager - Unable to update index for public-repo|http://localhost:8081/nexus/content/groups/public
java.io.IOException: Connection refused to http://localhost:8081/nexus/content/groups/public/.index/nexus-maven-repository-index.properties
	at org.eclipse.m2e.core.internal.index.nexus.AsyncFetcher$PipedErrorInputStream.checkError(AsyncFetcher.java:251) ~[org.eclipse.m2e.core_1.2.0.20120903-1050.jar:na]
	at org.eclipse.m2e.core.internal.index.nexus.AsyncFetcher$PipedErrorInputStream.read(AsyncFetcher.java:259) ~[org.eclipse.m2e.core_1.2.0.20120903-1050.jar:na]
	at java.io.PipedInputStream.read(PipedInputStream.java:361) ~[na:1.6.0_65]
	at java.io.InputStream.read(InputStream.java:82) ~[na:1.6.0_65]
	at java.util.Properties$LineReader.readLine(Properties.java:418) ~[na:1.6.0_65]
	at java.util.Properties.load0(Properties.java:337) ~[na:1.6.0_65]
	at java.util.Properties.load(Properties.java:325) ~[na:1.6.0_65]
	at org.apache.maven.index.updater.DefaultIndexUpdater.downloadIndexProperties(DefaultIndexUpdater.java:457) ~[indexer-core-3.1.0.jar:3.1.0]
	at org.apache.maven.index.updater.DefaultIndexUpdater.access$100(DefaultIndexUpdater.java:75) ~[indexer-core-3.1.0.jar:3.1.0]
	at org.apache.maven.index.updater.DefaultIndexUpdater$IndexAdaptor.setProperties(DefaultIndexUpdater.java:607) ~[indexer-core-3.1.0.jar:3.1.0]
	at org.apache.maven.index.updater.DefaultIndexUpdater.fetchAndUpdateIndex(DefaultIndexUpdater.java:788) ~[indexer-core-3.1.0.jar:3.1.0]
	at org.apache.maven.index.updater.DefaultIndexUpdater.fetchAndUpdateIndex(DefaultIndexUpdater.java:135) ~[indexer-core-3.1.0.jar:3.1.0]
	at org.eclipse.m2e.core.internal.index.nexus.NexusIndexManager.updateRemoteIndex(NexusIndexManager.java:1124) [org.eclipse.m2e.core_1.2.0.20120903-1050.jar:na]
	at org.eclipse.m2e.core.internal.index.nexus.NexusIndexManager.updateIndex(NexusIndexManager.java:1081) [org.eclipse.m2e.core_1.2.0.20120903-1050.jar:na]
	at org.eclipse.m2e.core.internal.index.nexus.NexusIndexManager$1.run(NexusIndexManager.java:658) [org.eclipse.m2e.core_1.2.0.20120903-1050.jar:na]
	at org.eclipse.m2e.core.internal.index.nexus.IndexUpdaterJob.run(IndexUpdaterJob.java:71) [org.eclipse.m2e.core_1.2.0.20120903-1050.jar:na]
	at org.eclipse.core.internal.jobs.Worker.run(Worker.java:53) [org.eclipse.core.jobs_3.5.300.v20120622-204750.jar:na]
java.net.ConnectException: Connection refused to http://localhost:8081/nexus/content/groups/public/.index/nexus-maven-repository-index.properties
	at com.ning.http.client.providers.netty.NettyConnectListener.operationComplete(NettyConnectListener.java:95) ~[na:na]
	at org.jboss.netty.channel.DefaultChannelFuture.notifyListener(DefaultChannelFuture.java:381) ~[na:na]
	at org.jboss.netty.channel.DefaultChannelFuture.notifyListeners(DefaultChannelFuture.java:372) ~[na:na]
	at org.jboss.netty.channel.DefaultChannelFuture.setFailure(DefaultChannelFuture.java:334) ~[na:na]
	at org.jboss.netty.channel.socket.nio.NioClientSocketPipelineSink$Boss.connect(NioClientSocketPipelineSink.java:389) ~[na:na]
	at org.jboss.netty.channel.socket.nio.NioClientSocketPipelineSink$Boss.processSelectedKeys(NioClientSocketPipelineSink.java:354) ~[na:na]
	at org.jboss.netty.channel.socket.nio.NioClientSocketPipelineSink$Boss.run(NioClientSocketPipelineSink.java:276) ~[na:na]
	at org.jboss.netty.util.ThreadRenamingRunnable.run(ThreadRenamingRunnable.java:108) ~[na:na]
	at org.jboss.netty.util.internal.DeadLockProofWorker$1.run(DeadLockProofWorker.java:44) ~[na:na]
	at java.util.concurrent.ThreadPoolExecutor$Worker.runTask(ThreadPoolExecutor.java:895) ~[na:1.6.0_65]
	at java.util.concurrent.ThreadPoolExecutor$Worker.run(ThreadPoolExecutor.java:918) ~[na:1.6.0_65]
	at java.lang.Thread.run(Thread.java:695) ~[na:1.6.0_65]
Caused by: java.net.ConnectException: Connection refused
	at sun.nio.ch.SocketChannelImpl.checkConnect(Native Method) ~[na:1.6.0_65]
	at sun.nio.ch.SocketChannelImpl.finishConnect(SocketChannelImpl.java:599) ~[na:1.6.0_65]
	at org.jboss.netty.channel.socket.nio.NioClientSocketPipelineSink$Boss.connect(NioClientSocketPipelineSink.java:384) ~[na:na]
	at org.jboss.netty.channel.socket.nio.NioClientSocketPipelineSink$Boss.processSelectedKeys(NioClientSocketPipelineSink.java:354) ~[na:na]
	at org.jboss.netty.channel.socket.nio.NioClientSocketPipelineSink$Boss.run(NioClientSocketPipelineSink.java:276) ~[na:na]
	... 3 common frames omitted
2015-10-10 17:28:32,112 [ModalContext] WARN  o.e.m.i.discovery.MavenDiscovery - CatalogItem org.eclipse.m2e.discovery.lifecyclemapping.m2e-egit does not contain lifecycle mapping metadata
2015-10-10 17:28:32,115 [ModalContext] WARN  o.e.m.i.discovery.MavenDiscovery - CatalogItem org.eclipse.m2e.discovery.lifecyclemapping.m2e-subversive does not contain lifecycle mapping metadata
2015-10-10 17:28:32,117 [ModalContext] WARN  o.e.m.i.discovery.MavenDiscovery - CatalogItem org.eclipse.m2e.discovery.lifecyclemapping.m2e-subclipse does not contain lifecycle mapping metadata
2015-10-10 22:09:24,593 [Worker-17] INFO  o.e.m.c.i.i.nexus.NexusIndexManager - Updating index for repository: public-repo|http://localhost:8081/nexus/content/groups/public
2015-10-10 22:09:24,779 [Worker-17] INFO  c.n.h.c.p.n.NettyAsyncHttpProvider - Number of application's worked threads is 4
2015-10-10 22:09:25,005 [Worker-17] ERROR o.e.m.c.i.i.nexus.NexusIndexManager - Unable to update index for public-repo|http://localhost:8081/nexus/content/groups/public
java.io.IOException: Connection refused to http://localhost:8081/nexus/content/groups/public/.index/nexus-maven-repository-index.properties
	at org.eclipse.m2e.core.internal.index.nexus.AsyncFetcher$PipedErrorInputStream.checkError(AsyncFetcher.java:251) ~[org.eclipse.m2e.core_1.2.0.20120903-1050.jar:na]
	at org.eclipse.m2e.core.internal.index.nexus.AsyncFetcher$PipedErrorInputStream.read(AsyncFetcher.java:257) ~[org.eclipse.m2e.core_1.2.0.20120903-1050.jar:na]
	at java.io.PipedInputStream.read(PipedInputStream.java:378) ~[na:1.7.0_71]
	at java.io.InputStream.read(InputStream.java:101) ~[na:1.7.0_71]
	at java.util.Properties$LineReader.readLine(Properties.java:434) ~[na:1.7.0_71]
	at java.util.Properties.load0(Properties.java:353) ~[na:1.7.0_71]
	at java.util.Properties.load(Properties.java:341) ~[na:1.7.0_71]
	at org.apache.maven.index.updater.DefaultIndexUpdater.downloadIndexProperties(DefaultIndexUpdater.java:457) ~[indexer-core-3.1.0.jar:3.1.0]
	at org.apache.maven.index.updater.DefaultIndexUpdater.access$100(DefaultIndexUpdater.java:75) ~[indexer-core-3.1.0.jar:3.1.0]
	at org.apache.maven.index.updater.DefaultIndexUpdater$IndexAdaptor.setProperties(DefaultIndexUpdater.java:607) ~[indexer-core-3.1.0.jar:3.1.0]
	at org.apache.maven.index.updater.DefaultIndexUpdater.fetchAndUpdateIndex(DefaultIndexUpdater.java:788) ~[indexer-core-3.1.0.jar:3.1.0]
	at org.apache.maven.index.updater.DefaultIndexUpdater.fetchAndUpdateIndex(DefaultIndexUpdater.java:135) ~[indexer-core-3.1.0.jar:3.1.0]
	at org.eclipse.m2e.core.internal.index.nexus.NexusIndexManager.updateRemoteIndex(NexusIndexManager.java:1124) [org.eclipse.m2e.core_1.2.0.20120903-1050.jar:na]
	at org.eclipse.m2e.core.internal.index.nexus.NexusIndexManager.updateIndex(NexusIndexManager.java:1081) [org.eclipse.m2e.core_1.2.0.20120903-1050.jar:na]
	at org.eclipse.m2e.core.internal.index.nexus.NexusIndexManager$1.run(NexusIndexManager.java:658) [org.eclipse.m2e.core_1.2.0.20120903-1050.jar:na]
	at org.eclipse.m2e.core.internal.index.nexus.IndexUpdaterJob.run(IndexUpdaterJob.java:71) [org.eclipse.m2e.core_1.2.0.20120903-1050.jar:na]
	at org.eclipse.core.internal.jobs.Worker.run(Worker.java:53) [org.eclipse.core.jobs_3.5.300.v20120622-204750.jar:na]
java.net.ConnectException: Connection refused to http://localhost:8081/nexus/content/groups/public/.index/nexus-maven-repository-index.properties
	at com.ning.http.client.providers.netty.NettyConnectListener.operationComplete(NettyConnectListener.java:95) ~[na:na]
	at org.jboss.netty.channel.DefaultChannelFuture.notifyListener(DefaultChannelFuture.java:381) ~[na:na]
	at org.jboss.netty.channel.DefaultChannelFuture.notifyListeners(DefaultChannelFuture.java:372) ~[na:na]
	at org.jboss.netty.channel.DefaultChannelFuture.setFailure(DefaultChannelFuture.java:334) ~[na:na]
	at org.jboss.netty.channel.socket.nio.NioClientSocketPipelineSink$Boss.connect(NioClientSocketPipelineSink.java:389) ~[na:na]
	at org.jboss.netty.channel.socket.nio.NioClientSocketPipelineSink$Boss.processSelectedKeys(NioClientSocketPipelineSink.java:354) ~[na:na]
	at org.jboss.netty.channel.socket.nio.NioClientSocketPipelineSink$Boss.run(NioClientSocketPipelineSink.java:276) ~[na:na]
	at org.jboss.netty.util.ThreadRenamingRunnable.run(ThreadRenamingRunnable.java:108) ~[na:na]
	at org.jboss.netty.util.internal.DeadLockProofWorker$1.run(DeadLockProofWorker.java:44) ~[na:na]
	at java.util.concurrent.ThreadPoolExecutor.runWorker(ThreadPoolExecutor.java:1145) ~[na:1.7.0_71]
	at java.util.concurrent.ThreadPoolExecutor$Worker.run(ThreadPoolExecutor.java:615) ~[na:1.7.0_71]
	at java.lang.Thread.run(Thread.java:745) ~[na:1.7.0_71]
Caused by: java.net.ConnectException: Connection refused
	at sun.nio.ch.SocketChannelImpl.checkConnect(Native Method) ~[na:1.7.0_71]
	at sun.nio.ch.SocketChannelImpl.finishConnect(SocketChannelImpl.java:739) ~[na:1.7.0_71]
	at org.jboss.netty.channel.socket.nio.NioClientSocketPipelineSink$Boss.connect(NioClientSocketPipelineSink.java:384) ~[na:na]
	at org.jboss.netty.channel.socket.nio.NioClientSocketPipelineSink$Boss.processSelectedKeys(NioClientSocketPipelineSink.java:354) ~[na:na]
	at org.jboss.netty.channel.socket.nio.NioClientSocketPipelineSink$Boss.run(NioClientSocketPipelineSink.java:276) ~[na:na]
	... 3 common frames omitted
2015-10-10 22:09:29,413 [ModalContext] ERROR o.e.m.i.d.MavenDiscoveryService - Status ERROR: org.eclipse.equinox.p2.discovery code=0 Failed to discover all connectors. null children=[Status ERROR: org.eclipse.equinox.p2.discovery code=0 M2ERemoteBundleDiscoveryStrategy failed with an error org.eclipse.equinox.p2.core.ProvisionException: Unknown Host: http://download.eclipse.org/technology/m2e/discovery/directory-1.1.xml]
2015-11-14 14:44:31,638 [Worker-1] INFO  o.e.m.c.i.i.nexus.NexusIndexManager - Updating index for repository: central|http://repo.maven.apache.org/maven2
2015-11-14 14:44:31,742 [Worker-1] INFO  c.n.h.c.p.n.NettyAsyncHttpProvider - Number of application's worked threads is 4
2015-11-14 14:44:39,317 [ModalContext] WARN  o.e.m.i.discovery.MavenDiscovery - CatalogItem org.eclipse.m2e.discovery.lifecyclemapping.m2e-egit does not contain lifecycle mapping metadata
2015-11-14 14:44:39,328 [ModalContext] WARN  o.e.m.i.discovery.MavenDiscovery - CatalogItem org.eclipse.m2e.discovery.lifecyclemapping.m2e-subversive does not contain lifecycle mapping metadata
2015-11-14 14:44:39,329 [ModalContext] WARN  o.e.m.i.discovery.MavenDiscovery - CatalogItem org.eclipse.m2e.discovery.lifecyclemapping.m2e-subclipse does not contain lifecycle mapping metadata
2018-09-17 17:35:06,124 [Worker-5: Loading available Gradle versions] INFO  c.g.t.t.d.PublishedGradleVersions - Gradle version information cache is not available. Remote download required.
2018-09-17 17:35:54,915 [Worker-13: Loading available Gradle versions] INFO  c.g.t.t.d.PublishedGradleVersions - Gradle version information cache is up-to-date. Trying to read.
2018-09-17 17:36:25,394 [main] ERROR o.e.m.c.i.p.r.ProjectRegistryReader - Can't read workspace state
java.io.InvalidClassException: org.eclipse.m2e.core.internal.project.registry.BasicProjectRegistry; local class incompatible: stream classdesc serialVersionUID = 5542512601401896748, local class serialVersionUID = 6232274446642339434
	at java.io.ObjectStreamClass.initNonProxy(ObjectStreamClass.java:699) ~[na:1.8.0_181]
	at java.io.ObjectInputStream.readNonProxyDesc(ObjectInputStream.java:1885) ~[na:1.8.0_181]
	at java.io.ObjectInputStream.readClassDesc(ObjectInputStream.java:1751) ~[na:1.8.0_181]
	at java.io.ObjectInputStream.readNonProxyDesc(ObjectInputStream.java:1885) ~[na:1.8.0_181]
	at java.io.ObjectInputStream.readClassDesc(ObjectInputStream.java:1751) ~[na:1.8.0_181]
	at java.io.ObjectInputStream.readOrdinaryObject(ObjectInputStream.java:2042) ~[na:1.8.0_181]
	at java.io.ObjectInputStream.readObject0(ObjectInputStream.java:1573) ~[na:1.8.0_181]
	at java.io.ObjectInputStream.readObject(ObjectInputStream.java:431) ~[na:1.8.0_181]
	at org.eclipse.m2e.core.internal.project.registry.ProjectRegistryReader.readWorkspaceState(ProjectRegistryReader.java:100) ~[org.eclipse.m2e.core_1.9.0.20180606-2036.jar:na]
	at org.eclipse.m2e.core.internal.project.registry.ProjectRegistryManager.<init>(ProjectRegistryManager.java:164) [org.eclipse.m2e.core_1.9.0.20180606-2036.jar:na]
	at org.eclipse.m2e.core.internal.MavenPluginActivator.start(MavenPluginActivator.java:215) [org.eclipse.m2e.core_1.9.0.20180606-2036.jar:na]
	at org.eclipse.osgi.internal.framework.BundleContextImpl$3.run(BundleContextImpl.java:779) [org.eclipse.osgi_3.13.0.v20180409-1500.jar:na]
	at org.eclipse.osgi.internal.framework.BundleContextImpl$3.run(BundleContextImpl.java:1) [org.eclipse.osgi_3.13.0.v20180409-1500.jar:na]
	at java.security.AccessController.doPrivileged(Native Method) [na:1.8.0_181]
	at org.eclipse.osgi.internal.framework.BundleContextImpl.startActivator(BundleContextImpl.java:772) [org.eclipse.osgi_3.13.0.v20180409-1500.jar:na]
	at org.eclipse.osgi.internal.framework.BundleContextImpl.start(BundleContextImpl.java:729) [org.eclipse.osgi_3.13.0.v20180409-1500.jar:na]
	at org.eclipse.osgi.internal.framework.EquinoxBundle.startWorker0(EquinoxBundle.java:1002) [org.eclipse.osgi_3.13.0.v20180409-1500.jar:na]
	at org.eclipse.osgi.internal.framework.EquinoxBundle$EquinoxModule.startWorker(EquinoxBundle.java:354) [org.eclipse.osgi_3.13.0.v20180409-1500.jar:na]
	at org.eclipse.osgi.container.Module.doStart(Module.java:581) [org.eclipse.osgi_3.13.0.v20180409-1500.jar:na]
	at org.eclipse.osgi.container.Module.start(Module.java:449) [org.eclipse.osgi_3.13.0.v20180409-1500.jar:na]
	at org.eclipse.osgi.framework.util.SecureAction.start(SecureAction.java:468) [org.eclipse.osgi_3.13.0.v20180409-1500.jar:na]
	at org.eclipse.osgi.internal.hooks.EclipseLazyStarter.postFindLocalClass(EclipseLazyStarter.java:114) [org.eclipse.osgi_3.13.0.v20180409-1500.jar:na]
	at org.eclipse.osgi.internal.loader.classpath.ClasspathManager.findLocalClass(ClasspathManager.java:505) [org.eclipse.osgi_3.13.0.v20180409-1500.jar:na]
	at org.eclipse.osgi.internal.loader.ModuleClassLoader.findLocalClass(ModuleClassLoader.java:328) [org.eclipse.osgi_3.13.0.v20180409-1500.jar:na]
	at org.eclipse.osgi.internal.loader.BundleLoader.findLocalClass(BundleLoader.java:392) [org.eclipse.osgi_3.13.0.v20180409-1500.jar:na]
	at org.eclipse.osgi.internal.loader.sources.SingleSourcePackage.loadClass(SingleSourcePackage.java:36) [org.eclipse.osgi_3.13.0.v20180409-1500.jar:na]
	at org.eclipse.osgi.internal.loader.BundleLoader.findClassInternal(BundleLoader.java:466) [org.eclipse.osgi_3.13.0.v20180409-1500.jar:na]
	at org.eclipse.osgi.internal.loader.BundleLoader.findClass(BundleLoader.java:419) [org.eclipse.osgi_3.13.0.v20180409-1500.jar:na]
	at org.eclipse.osgi.internal.loader.BundleLoader.findClass(BundleLoader.java:411) [org.eclipse.osgi_3.13.0.v20180409-1500.jar:na]
	at org.eclipse.osgi.internal.loader.ModuleClassLoader.loadClass(ModuleClassLoader.java:150) [org.eclipse.osgi_3.13.0.v20180409-1500.jar:na]
	at java.lang.ClassLoader.loadClass(ClassLoader.java:357) [na:1.8.0_181]
	at java.lang.Class.getDeclaredConstructors0(Native Method) [na:1.8.0_181]
	at java.lang.Class.privateGetDeclaredConstructors(Class.java:2671) [na:1.8.0_181]
	at java.lang.Class.getConstructor0(Class.java:3075) [na:1.8.0_181]
	at java.lang.Class.newInstance(Class.java:412) [na:1.8.0_181]
	at org.eclipse.osgi.internal.framework.BundleContextImpl.loadBundleActivator(BundleContextImpl.java:763) [org.eclipse.osgi_3.13.0.v20180409-1500.jar:na]
	at org.eclipse.osgi.internal.framework.BundleContextImpl.start(BundleContextImpl.java:716) [org.eclipse.osgi_3.13.0.v20180409-1500.jar:na]
	at org.eclipse.osgi.internal.framework.EquinoxBundle.startWorker0(EquinoxBundle.java:1002) [org.eclipse.osgi_3.13.0.v20180409-1500.jar:na]
	at org.eclipse.osgi.internal.framework.EquinoxBundle$EquinoxModule.startWorker(EquinoxBundle.java:354) [org.eclipse.osgi_3.13.0.v20180409-1500.jar:na]
	at org.eclipse.osgi.container.Module.doStart(Module.java:581) [org.eclipse.osgi_3.13.0.v20180409-1500.jar:na]
	at org.eclipse.osgi.container.Module.start(Module.java:449) [org.eclipse.osgi_3.13.0.v20180409-1500.jar:na]
	at org.eclipse.osgi.framework.util.SecureAction.start(SecureAction.java:468) [org.eclipse.osgi_3.13.0.v20180409-1500.jar:na]
	at org.eclipse.osgi.internal.hooks.EclipseLazyStarter.postFindLocalClass(EclipseLazyStarter.java:114) [org.eclipse.osgi_3.13.0.v20180409-1500.jar:na]
	at org.eclipse.osgi.internal.loader.classpath.ClasspathManager.findLocalClass(ClasspathManager.java:505) [org.eclipse.osgi_3.13.0.v20180409-1500.jar:na]
	at org.eclipse.osgi.internal.loader.ModuleClassLoader.findLocalClass(ModuleClassLoader.java:328) [org.eclipse.osgi_3.13.0.v20180409-1500.jar:na]
	at org.eclipse.osgi.internal.loader.BundleLoader.findLocalClass(BundleLoader.java:392) [org.eclipse.osgi_3.13.0.v20180409-1500.jar:na]
	at org.eclipse.osgi.internal.loader.BundleLoader.findClassInternal(BundleLoader.java:470) [org.eclipse.osgi_3.13.0.v20180409-1500.jar:na]
	at org.eclipse.osgi.internal.loader.BundleLoader.findClass(BundleLoader.java:419) [org.eclipse.osgi_3.13.0.v20180409-1500.jar:na]
	at org.eclipse.osgi.internal.loader.BundleLoader.findClass(BundleLoader.java:411) [org.eclipse.osgi_3.13.0.v20180409-1500.jar:na]
	at org.eclipse.osgi.internal.loader.ModuleClassLoader.loadClass(ModuleClassLoader.java:150) [org.eclipse.osgi_3.13.0.v20180409-1500.jar:na]
	at java.lang.ClassLoader.loadClass(ClassLoader.java:357) [na:1.8.0_181]
	at org.eclipse.osgi.internal.framework.EquinoxBundle.loadClass(EquinoxBundle.java:609) [org.eclipse.osgi_3.13.0.v20180409-1500.jar:na]
	at org.eclipse.core.internal.registry.osgi.RegistryStrategyOSGI.createExecutableExtension(RegistryStrategyOSGI.java:177) [org.eclipse.equinox.registry_3.8.0.v20180426-1327.jar:na]
	at org.eclipse.core.internal.registry.ExtensionRegistry.createExecutableExtension(ExtensionRegistry.java:931) [org.eclipse.equinox.registry_3.8.0.v20180426-1327.jar:na]
	at org.eclipse.core.internal.registry.ConfigurationElement.createExecutableExtension(ConfigurationElement.java:243) [org.eclipse.equinox.registry_3.8.0.v20180426-1327.jar:na]
	at org.eclipse.core.internal.registry.ConfigurationElementHandle.createExecutableExtension(ConfigurationElementHandle.java:60) [org.eclipse.equinox.registry_3.8.0.v20180426-1327.jar:na]
	at org.eclipse.ui.internal.WorkbenchPlugin.lambda$0(WorkbenchPlugin.java:288) [org.eclipse.ui.workbench_3.111.0.v20180524-1156.jar:na]
	at org.eclipse.swt.custom.BusyIndicator.showWhile(BusyIndicator.java:71) ~[org.eclipse.swt.cocoa.macosx.x86_64_3.107.0.v20180611-0422.jar:na]
	at org.eclipse.ui.internal.WorkbenchPlugin.createExtension(WorkbenchPlugin.java:285) [org.eclipse.ui.workbench_3.111.0.v20180524-1156.jar:na]
	at org.eclipse.ui.internal.dialogs.WorkbenchWizardElement.createExecutableExtension(WorkbenchWizardElement.java:123) ~[org.eclipse.ui.workbench_3.111.0.v20180524-1156.jar:na]
	at org.eclipse.ui.internal.dialogs.WorkbenchWizardElement.createWizard(WorkbenchWizardElement.java:261) ~[org.eclipse.ui.workbench_3.111.0.v20180524-1156.jar:na]
	at org.eclipse.ui.internal.dialogs.ImportExportPage$1.createWizard(ImportExportPage.java:298) ~[org.eclipse.ui.workbench_3.111.0.v20180524-1156.jar:na]
	at org.eclipse.ui.internal.dialogs.WorkbenchWizardNode$1.run(WorkbenchWizardNode.java:139) ~[org.eclipse.ui.workbench_3.111.0.v20180524-1156.jar:na]
	at org.eclipse.core.runtime.SafeRunner.run(SafeRunner.java:42) ~[org.eclipse.equinox.common_3.10.0.v20180412-1130.jar:na]
	at org.eclipse.ui.internal.dialogs.WorkbenchWizardNode.lambda$0(WorkbenchWizardNode.java:121) ~[org.eclipse.ui.workbench_3.111.0.v20180524-1156.jar:na]
	at org.eclipse.swt.custom.BusyIndicator.showWhile(BusyIndicator.java:71) ~[org.eclipse.swt.cocoa.macosx.x86_64_3.107.0.v20180611-0422.jar:na]
	at org.eclipse.ui.internal.dialogs.WorkbenchWizardNode.getWizard(WorkbenchWizardNode.java:120) ~[org.eclipse.ui.workbench_3.111.0.v20180524-1156.jar:na]
	at org.eclipse.jface.wizard.WizardSelectionPage.getNextPage(WizardSelectionPage.java:107) ~[org.eclipse.jface_3.14.0.v20180423-0714.jar:na]
	at org.eclipse.ui.internal.dialogs.WorkbenchWizardSelectionPage.getNextPage(WorkbenchWizardSelectionPage.java:97) ~[org.eclipse.ui.workbench_3.111.0.v20180524-1156.jar:na]
	at org.eclipse.ui.internal.dialogs.ImportExportPage.getNextPage(ImportExportPage.java:425) ~[org.eclipse.ui.workbench_3.111.0.v20180524-1156.jar:na]
	at org.eclipse.jface.wizard.WizardDialog.nextPressed(WizardDialog.java:851) ~[org.eclipse.jface_3.14.0.v20180423-0714.jar:na]
	at org.eclipse.jface.wizard.WizardDialog.buttonPressed(WizardDialog.java:407) ~[org.eclipse.jface_3.14.0.v20180423-0714.jar:na]
	at org.eclipse.jface.dialogs.Dialog.lambda$0(Dialog.java:619) ~[org.eclipse.jface_3.14.0.v20180423-0714.jar:na]
	at org.eclipse.swt.events.SelectionListener$1.widgetSelected(SelectionListener.java:81) ~[org.eclipse.swt.cocoa.macosx.x86_64_3.107.0.v20180611-0422.jar:na]
	at org.eclipse.swt.widgets.TypedListener.handleEvent(TypedListener.java:249) ~[org.eclipse.swt.cocoa.macosx.x86_64_3.107.0.v20180611-0422.jar:na]
	at org.eclipse.swt.widgets.EventTable.sendEvent(EventTable.java:86) ~[org.eclipse.swt.cocoa.macosx.x86_64_3.107.0.v20180611-0422.jar:na]
	at org.eclipse.swt.widgets.Display.sendEvent(Display.java:4247) ~[org.eclipse.swt.cocoa.macosx.x86_64_3.107.0.v20180611-0422.jar:na]
	at org.eclipse.swt.widgets.Widget.sendEvent(Widget.java:1508) ~[org.eclipse.swt.cocoa.macosx.x86_64_3.107.0.v20180611-0422.jar:na]
	at org.eclipse.swt.widgets.Widget.sendEvent(Widget.java:1531) ~[org.eclipse.swt.cocoa.macosx.x86_64_3.107.0.v20180611-0422.jar:na]
	at org.eclipse.swt.widgets.Widget.sendEvent(Widget.java:1516) ~[org.eclipse.swt.cocoa.macosx.x86_64_3.107.0.v20180611-0422.jar:na]
	at org.eclipse.swt.widgets.Widget.notifyListeners(Widget.java:1320) ~[org.eclipse.swt.cocoa.macosx.x86_64_3.107.0.v20180611-0422.jar:na]
	at org.eclipse.swt.widgets.Display.runDeferredEvents(Display.java:4091) ~[org.eclipse.swt.cocoa.macosx.x86_64_3.107.0.v20180611-0422.jar:na]
	at org.eclipse.swt.widgets.Display.readAndDispatch(Display.java:3712) ~[org.eclipse.swt.cocoa.macosx.x86_64_3.107.0.v20180611-0422.jar:na]
	at org.eclipse.jface.window.Window.runEventLoop(Window.java:818) ~[org.eclipse.jface_3.14.0.v20180423-0714.jar:na]
	at org.eclipse.jface.window.Window.open(Window.java:794) ~[org.eclipse.jface_3.14.0.v20180423-0714.jar:na]
	at org.eclipse.ui.internal.handlers.WizardHandler$Import.executeHandler(WizardHandler.java:158) ~[org.eclipse.ui.workbench_3.111.0.v20180524-1156.jar:na]
	at org.eclipse.ui.internal.handlers.WizardHandler.execute(WizardHandler.java:290) ~[org.eclipse.ui.workbench_3.111.0.v20180524-1156.jar:na]
	at org.eclipse.ui.internal.handlers.HandlerProxy.execute(HandlerProxy.java:291) ~[org.eclipse.ui.workbench_3.111.0.v20180524-1156.jar:na]
	at org.eclipse.ui.internal.handlers.E4HandlerProxy.execute(E4HandlerProxy.java:93) ~[org.eclipse.ui.workbench_3.111.0.v20180524-1156.jar:na]
	at sun.reflect.NativeMethodAccessorImpl.invoke0(Native Method) ~[na:1.8.0_181]
	at sun.reflect.NativeMethodAccessorImpl.invoke(NativeMethodAccessorImpl.java:62) ~[na:1.8.0_181]
	at sun.reflect.DelegatingMethodAccessorImpl.invoke(DelegatingMethodAccessorImpl.java:43) ~[na:1.8.0_181]
	at java.lang.reflect.Method.invoke(Method.java:498) ~[na:1.8.0_181]
	at org.eclipse.e4.core.internal.di.MethodRequestor.execute(MethodRequestor.java:55) ~[org.eclipse.e4.core.di_1.7.0.v20180427-1454.jar:na]
	at org.eclipse.e4.core.internal.di.InjectorImpl.invokeUsingClass(InjectorImpl.java:318) ~[org.eclipse.e4.core.di_1.7.0.v20180427-1454.jar:na]
	at org.eclipse.e4.core.internal.di.InjectorImpl.invoke(InjectorImpl.java:252) ~[org.eclipse.e4.core.di_1.7.0.v20180427-1454.jar:na]
	at org.eclipse.e4.core.contexts.ContextInjectionFactory.invoke(ContextInjectionFactory.java:161) ~[org.eclipse.e4.core.contexts_1.7.0.v20180514-1409.jar:na]
	at org.eclipse.e4.core.commands.internal.HandlerServiceHandler.execute(HandlerServiceHandler.java:152) ~[org.eclipse.e4.core.commands_0.12.200.v20180427-0801.jar:na]
	at org.eclipse.core.commands.Command.executeWithChecks(Command.java:494) ~[org.eclipse.core.commands_3.9.100.v20180404-1234.jar:na]
	at org.eclipse.core.commands.ParameterizedCommand.executeWithChecks(ParameterizedCommand.java:487) ~[org.eclipse.core.commands_3.9.100.v20180404-1234.jar:na]
	at org.eclipse.e4.core.commands.internal.HandlerServiceImpl.executeHandler(HandlerServiceImpl.java:204) ~[org.eclipse.e4.core.commands_0.12.200.v20180427-0801.jar:na]
	at org.eclipse.ui.internal.handlers.LegacyHandlerService.executeCommand(LegacyHandlerService.java:393) ~[org.eclipse.ui.workbench_3.111.0.v20180524-1156.jar:na]
	at org.eclipse.ui.internal.actions.CommandAction.runWithEvent(CommandAction.java:151) ~[org.eclipse.ui.workbench_3.111.0.v20180524-1156.jar:na]
	at org.eclipse.ui.internal.actions.CommandAction.run(CommandAction.java:161) ~[org.eclipse.ui.workbench_3.111.0.v20180524-1156.jar:na]
	at org.eclipse.ui.actions.ImportResourcesAction.run(ImportResourcesAction.java:99) ~[org.eclipse.ui.workbench_3.111.0.v20180524-1156.jar:na]
	at org.eclipse.ui.actions.BaseSelectionListenerAction.runWithEvent(BaseSelectionListenerAction.java:167) ~[org.eclipse.ui.workbench_3.111.0.v20180524-1156.jar:na]
	at org.eclipse.jface.action.ActionContributionItem.handleWidgetSelection(ActionContributionItem.java:565) ~[org.eclipse.jface_3.14.0.v20180423-0714.jar:na]
	at org.eclipse.jface.action.ActionContributionItem.lambda$4(ActionContributionItem.java:397) ~[org.eclipse.jface_3.14.0.v20180423-0714.jar:na]
	at org.eclipse.swt.widgets.EventTable.sendEvent(EventTable.java:86) ~[org.eclipse.swt.cocoa.macosx.x86_64_3.107.0.v20180611-0422.jar:na]
	at org.eclipse.swt.widgets.Display.sendEvent(Display.java:4247) ~[org.eclipse.swt.cocoa.macosx.x86_64_3.107.0.v20180611-0422.jar:na]
	at org.eclipse.swt.widgets.Widget.sendEvent(Widget.java:1508) ~[org.eclipse.swt.cocoa.macosx.x86_64_3.107.0.v20180611-0422.jar:na]
	at org.eclipse.swt.widgets.Widget.sendEvent(Widget.java:1531) ~[org.eclipse.swt.cocoa.macosx.x86_64_3.107.0.v20180611-0422.jar:na]
	at org.eclipse.swt.widgets.Widget.sendEvent(Widget.java:1516) ~[org.eclipse.swt.cocoa.macosx.x86_64_3.107.0.v20180611-0422.jar:na]
	at org.eclipse.swt.widgets.Widget.notifyListeners(Widget.java:1320) ~[org.eclipse.swt.cocoa.macosx.x86_64_3.107.0.v20180611-0422.jar:na]
	at org.eclipse.swt.widgets.Display.runDeferredEvents(Display.java:4091) ~[org.eclipse.swt.cocoa.macosx.x86_64_3.107.0.v20180611-0422.jar:na]
	at org.eclipse.swt.widgets.Display.readAndDispatch(Display.java:3712) ~[org.eclipse.swt.cocoa.macosx.x86_64_3.107.0.v20180611-0422.jar:na]
	at org.eclipse.e4.ui.internal.workbench.swt.PartRenderingEngine$5.run(PartRenderingEngine.java:1170) ~[org.eclipse.e4.ui.workbench.swt_0.14.200.v20180516-2019.jar:na]
	at org.eclipse.core.databinding.observable.Realm.runWithDefault(Realm.java:336) ~[org.eclipse.core.databinding.observable_1.6.200.v20180424-1922.jar:na]
	at org.eclipse.e4.ui.internal.workbench.swt.PartRenderingEngine.run(PartRenderingEngine.java:1059) ~[org.eclipse.e4.ui.workbench.swt_0.14.200.v20180516-2019.jar:na]
	at org.eclipse.e4.ui.internal.workbench.E4Workbench.createAndRunUI(E4Workbench.java:153) ~[org.eclipse.e4.ui.workbench_1.6.0.v20180516-2019.jar:na]
	at org.eclipse.ui.internal.Workbench.lambda$3(Workbench.java:667) ~[org.eclipse.ui.workbench_3.111.0.v20180524-1156.jar:na]
	at org.eclipse.core.databinding.observable.Realm.runWithDefault(Realm.java:336) ~[org.eclipse.core.databinding.observable_1.6.200.v20180424-1922.jar:na]
	at org.eclipse.ui.internal.Workbench.createAndRunWorkbench(Workbench.java:597) ~[org.eclipse.ui.workbench_3.111.0.v20180524-1156.jar:na]
	at org.eclipse.ui.PlatformUI.createAndRunWorkbench(PlatformUI.java:148) ~[org.eclipse.ui.workbench_3.111.0.v20180524-1156.jar:na]
	at org.eclipse.ui.internal.ide.application.IDEApplication.start(IDEApplication.java:152) ~[na:na]
	at org.eclipse.equinox.internal.app.EclipseAppHandle.run(EclipseAppHandle.java:196) ~[org.eclipse.equinox.app_1.3.500.v20171221-2204.jar:na]
	at org.eclipse.core.runtime.internal.adaptor.EclipseAppLauncher.runApplication(EclipseAppLauncher.java:134) ~[org.eclipse.osgi_3.13.0.v20180409-1500.jar:na]
	at org.eclipse.core.runtime.internal.adaptor.EclipseAppLauncher.start(EclipseAppLauncher.java:104) ~[org.eclipse.osgi_3.13.0.v20180409-1500.jar:na]
	at org.eclipse.core.runtime.adaptor.EclipseStarter.run(EclipseStarter.java:388) ~[org.eclipse.osgi_3.13.0.v20180409-1500.jar:na]
	at org.eclipse.core.runtime.adaptor.EclipseStarter.run(EclipseStarter.java:243) ~[org.eclipse.osgi_3.13.0.v20180409-1500.jar:na]
	at sun.reflect.NativeMethodAccessorImpl.invoke0(Native Method) ~[na:1.8.0_181]
	at sun.reflect.NativeMethodAccessorImpl.invoke(NativeMethodAccessorImpl.java:62) ~[na:1.8.0_181]
	at sun.reflect.DelegatingMethodAccessorImpl.invoke(DelegatingMethodAccessorImpl.java:43) ~[na:1.8.0_181]
	at java.lang.reflect.Method.invoke(Method.java:498) ~[na:1.8.0_181]
	at org.eclipse.equinox.launcher.Main.invokeFramework(Main.java:656) ~[org.eclipse.equinox.launcher_1.5.0.v20180512-1130.jar:na]
	at org.eclipse.equinox.launcher.Main.basicRun(Main.java:592) ~[org.eclipse.equinox.launcher_1.5.0.v20180512-1130.jar:na]
	at org.eclipse.equinox.launcher.Main.run(Main.java:1498) ~[org.eclipse.equinox.launcher_1.5.0.v20180512-1130.jar:na]
